Unexpected devicectl JSON version output from devicectl. Connecting to physical Apple devices may not work as expected.
› Using --device 514703A6-203F-46E2-B653-B50A8C2B4620
› Planning build
› Preparing Pods/PromisesObjC-FBLPromises_Privacy » ResourceBundle-FBLPromises_Privacy-PromisesObjC-Info.plist
› Preparing Pods/MLKitTranslate-MLKitTranslate_resource » ResourceBundle-MLKitTranslate_resource-MLKitTranslate-Info.plist
› Preparing Pods/ExpoFileSystem-ExpoFileSystem_privacy » ResourceBundle-ExpoFileSystem_privacy-ExpoFileSystem-Info.plist
› Preparing Pods/GoogleDataTransport-GoogleDataTransport_Privacy » ResourceBundle-GoogleDataTransport_Privacy-GoogleDataTransport-Info.plist
› Preparing Pods/EXConstants-ExpoConstants_privacy » ResourceBundle-ExpoConstants_privacy-EXConstants-Info.plist
› Preparing Pods/GoogleUtilities-GoogleUtilities_Privacy » ResourceBundle-GoogleUtilities_Privacy-GoogleUtilities-Info.plist
› Preparing react-native-mlkit-translate-text Pods/SSZipArchive-SSZipArchive » ResourceBundle-SSZipArchive-SSZipArchive-Info.plist
› Executing react-native Pods/hermes-engine » [CP-User] [Hermes] Replace Hermes for the right configuration, if needed
› Executing react-native Pods/ReactNativeDependencies » [CP-User] [RNDeps] Replace React Native Dependencies for the right configuration, if needed
› Preparing Pods/nanopb-nanopb_Privacy » ResourceBundle-nanopb_Privacy-nanopb-Info.plist
› Preparing Pods/expo-dev-menu-EXDevMenu » ResourceBundle-EXDevMenu-expo-dev-menu-Info.plist
› Preparing Pods/React-cxxreact-React-cxxreact_privacy » ResourceBundle-React-cxxreact_privacy-React-cxxreact-Info.plist
› Preparing Pods/React-Core-React-Core_privacy » ResourceBundle-React-Core_privacy-React-Core-Info.plist
› Preparing Pods/RNSVG-RNSVGFilters » ResourceBundle-RNSVGFilters-RNSVG-Info.plist
› Preparing Pods/RNCAsyncStorage-RNCAsyncStorage_resources » ResourceBundle-RNCAsyncStorage_resources-RNCAsyncStorage-Info.plist
› Preparing Pods/Protobuf-Protobuf_Privacy » ResourceBundle-Protobuf_Privacy-Protobuf-Info.plist
› Preparing expo-constants Pods/EXConstants-EXConstants » ResourceBundle-EXConstants-EXConstants-Info.plist
› Preparing Pods/expo-dev-launcher-EXDevLauncher » ResourceBundle-EXDevLauncher-expo-dev-launcher-Info.plist
› Executing react-native Pods/React-Core-prebuilt » [CP-User] [RNDeps] Replace React Native Core for the right configuration, if needed
› Executing react-native Pods/React-RCTFBReactNativeSpec » [CP-User] [RN]Check FBReactNativeSpec
› Executing expo-constants Pods/EXConstants » [CP-User] Generate app.config for prebuilt Constants.manifest
› Executing dutchvocabbuilder » [Expo] Configure project
› Linking   dutchvocabbuilder » dutchvocabbuilder.debug.dylib
⚠️  ld: ignoring duplicate libraries: '-lc++'

❌  ld: building for 'iOS-simulator', but linking in object file (/Users/vivek/Documents/vide-coding/antigravity/dutch-vocab-builder/dutch-vocab-builder/ios/Pods/MLKitCommon/Frameworks/MLKitCommon.framework/MLKitCommon[arm64][2](aligned_new_bca0ac320467a2457b3e306bfed17856.o)) built for 'iOS'



❌  clang: error: linker command failed with exit code 1 (use -v to see invocation)


    Run script build phase '[CP-User] [Hermes] Replace Hermes for the right configuration, if needed' will be run during every build because it does not specify any outputs. To address this issue, either add output dependencies to the script phase, or configure it to run in every build by unchecking "Based on dependency analysis" in the script phase. (in target 'hermes-engine' from project 'Pods')

› 2 error(s), and 2 warning(s)

CommandError: Failed to build iOS project. "xcodebuild" exited with error code 65.
